2026-07-20 11:02:49,342 INFO __main__: BASE_DIR: C:\Users\mysen\Third\server\dist\ANT_Interface_System
2026-07-20 11:02:49,344 INFO __main__: 서버 시작 시도...
2026-07-20 11:02:49,345 INFO __main__: config 경로: C:\Users\mysen\Third\server\dist\ANT_Interface_System\config.yaml
2026-07-20 11:02:49,345 INFO __main__: config 존재여부: True
2026-07-20 11:02:49,348 INFO __main__: config 로드완료
2026-07-20 11:02:49,364 INFO __main__: DB 초기화...
2026-07-20 11:02:49,364 INFO __main__: ANT client 생성완료
2026-07-20 11:02:49,364 INFO __main__: connection_status 초기화...
2026-07-20 11:02:49,365 INFO __main__: FastAPI 앱 생성 완료
2026-07-20 11:02:49,395 INFO __main__: uvicorn 시작...
2026-07-20 11:02:49,397 DEBUG asyncio: Using proactor: IocpProactor
2026-07-20 11:02:49,479 INFO __main__: 🔍 로드된 취소 트리거 노드: 22
2026-07-20 11:02:49,479 INFO __main__: 서버 시작 완료 - PLC/ANT 연결 시도 중...
2026-07-20 11:02:49,480 INFO modules.modbus_poller: modbuspoller 루프시작
2026-07-20 11:02:49,480 INFO modules.ant_connector: ANT server 연결 시도 중...
2026-07-20 11:02:53,511 ERROR pymodbus.logging: Connection to (localhost, 502) failed: [WinError 10061] 대상 컴퓨터에서 연결을 거부했으므로 연결하지 못했습니다
2026-07-20 11:02:53,511 INFO modules.modbus_poller: PLC 진입 허가(54~56) -> Device 동기화 루프 시작
2026-07-20 11:02:53,511 ERROR modules.modbus_poller: 진입 허가 동기화 루프 에러: 'NoneType' object has no attribute 'read_holding_registers'
2026-07-20 11:02:53,512 INFO modules.modbus_poller: Device 점유 상태(occupy) -> PLC HR(84~86) 동기화 루프 시작 (주기: 1s)
2026-07-20 11:02:53,512 INFO modules.modbus_poller: PLC 차량 제어 감시 루프(HR 58) -> Pause/Resume 동기화 시작
2026-07-20 11:02:53,524 INFO modules.ant_client: ANT server 로그인 성공 / API: v0.29
2026-07-20 11:02:53,524 INFO modules.ant_connector: ANT server 연결 성공
2026-07-20 11:02:53,524 INFO modules.ant_connector: api_version은 이거야------------------------ v0.29
2026-07-20 11:02:53,524 INFO __main__: ANT server 상태: 연결됨
2026-07-20 11:02:54,020 INFO modules.modbus_poller: vehicle 현재 위치는: {'coord': [-45.368, -0.449, 0], 'course': -0.008848819307611744, 'currentnode': {'name': 'Drop_JIG_LH', 'id': 5}, 'currentnodeid': 5, 'uncertainty': [0.0034612136599753564, 0.11227633937764936], 'map': 'Map 2', 'group': '1'}
2026-07-20 11:02:54,020 INFO modules.modbus_poller: 현재 로드데이터는 : False
2026-07-20 11:02:54,020 INFO modules.modbus_poller: alarms: ['vehicle.warning.CommunicationLost']
2026-07-20 11:02:54,020 INFO modules.modbus_poller: msgs: []
2026-07-20 11:02:54,513 ERROR modules.modbus_poller: 진입 허가 동기화 루프 에러: 'NoneType' object has no attribute 'read_holding_registers'
2026-07-20 11:02:54,521 INFO modules.modbus_poller: vehicle 현재 위치는: {'coord': [-45.368, -0.449, 0], 'course': -0.008848819307611744, 'currentnode': {'name': 'Drop_JIG_LH', 'id': 5}, 'currentnodeid': 5, 'uncertainty': [0.0034612136599753564, 0.11227633937764936], 'map': 'Map 2', 'group': '1'}
2026-07-20 11:02:54,521 INFO modules.modbus_poller: 현재 로드데이터는 : False
2026-07-20 11:02:54,521 INFO modules.modbus_poller: alarms: ['vehicle.warning.CommunicationLost']
2026-07-20 11:02:54,522 INFO modules.modbus_poller: msgs: []
2026-07-20 11:02:54,522 INFO modules.modbus_poller: 🚨 디바이스 점유 상태 변경 감지 (occupy_MAP): None -> 0
2026-07-20 11:02:54,523 INFO __main__: 현재 노드 위치 : 5
2026-07-20 11:02:54,526 INFO modules.modbus_poller: 🚨 디바이스 점유 상태 변경 감지 (occupy_LH): None -> 1
2026-07-20 11:02:54,532 INFO modules.modbus_poller: 🚨 디바이스 점유 상태 변경 감지 (occupy_RH): None -> 0
2026-07-20 11:02:55,024 INFO modules.modbus_poller: vehicle 현재 위치는: {'coord': [-45.368, -0.449, 0], 'course': -0.008848819307611744, 'currentnode': {'name': 'Drop_JIG_LH', 'id': 5}, 'currentnodeid': 5, 'uncertainty': [0.0034612136599753564, 0.11227633937764936], 'map': 'Map 2', 'group': '1'}
2026-07-20 11:02:55,024 INFO modules.modbus_poller: 현재 로드데이터는 : False
2026-07-20 11:02:55,024 INFO modules.modbus_poller: alarms: ['vehicle.warning.CommunicationLost']
2026-07-20 11:02:55,025 INFO modules.modbus_poller: msgs: []
2026-07-20 11:02:55,526 ERROR modules.modbus_poller: 진입 허가 동기화 루프 에러: 'NoneType' object has no attribute 'read_holding_registers'
2026-07-20 11:02:55,533 INFO __main__: 현재 노드 위치 : 5
2026-07-20 11:02:55,534 INFO modules.modbus_poller: vehicle 현재 위치는: {'coord': [-45.368, -0.449, 0], 'course': -0.008848819307611744, 'currentnode': {'name': 'Drop_JIG_LH', 'id': 5}, 'currentnodeid': 5, 'uncertainty': [0.0034612136599753564, 0.11227633937764936], 'map': 'Map 2', 'group': '1'}
2026-07-20 11:02:55,534 INFO modules.modbus_poller: 현재 로드데이터는 : False
2026-07-20 11:02:55,534 INFO modules.modbus_poller: alarms: ['vehicle.warning.CommunicationLost']
2026-07-20 11:02:55,534 INFO modules.modbus_poller: msgs: []
2026-07-20 11:02:56,034 INFO modules.modbus_poller: vehicle 현재 위치는: {'coord': [-45.368, -0.449, 0], 'course': -0.008848819307611744, 'currentnode': {'name': 'Drop_JIG_LH', 'id': 5}, 'currentnodeid': 5, 'uncertainty': [0.0034612136599753564, 0.11227633937764936], 'map': 'Map 2', 'group': '1'}
2026-07-20 11:02:56,034 INFO modules.modbus_poller: 현재 로드데이터는 : False
2026-07-20 11:02:56,034 INFO modules.modbus_poller: alarms: ['vehicle.warning.CommunicationLost']
2026-07-20 11:02:56,035 INFO modules.modbus_poller: msgs: []
2026-07-20 11:02:56,522 ERROR modules.modbus_poller: 진입 허가 동기화 루프 에러: 'NoneType' object has no attribute 'read_holding_registers'
2026-07-20 11:02:56,546 INFO modules.modbus_poller: vehicle 현재 위치는: {'coord': [-45.368, -0.449, 0], 'course': -0.008848819307611744, 'currentnode': {'name': 'Drop_JIG_LH', 'id': 5}, 'currentnodeid': 5, 'uncertainty': [0.0034612136599753564, 0.11227633937764936], 'map': 'Map 2', 'group': '1'}
2026-07-20 11:02:56,546 INFO modules.modbus_poller: 현재 로드데이터는 : False
2026-07-20 11:02:56,547 INFO modules.modbus_poller: alarms: ['vehicle.warning.CommunicationLost']
2026-07-20 11:02:56,547 INFO modules.modbus_poller: msgs: []
2026-07-20 11:02:56,547 INFO __main__: 현재 노드 위치 : 5
2026-07-20 11:02:57,067 INFO modules.modbus_poller: vehicle 현재 위치는: {'coord': [-45.368, -0.449, 0], 'course': -0.008848819307611744, 'currentnode': {'name': 'Drop_JIG_LH', 'id': 5}, 'currentnodeid': 5, 'uncertainty': [0.0034612136599753564, 0.11227633937764936], 'map': 'Map 2', 'group': '1'}
2026-07-20 11:02:57,067 INFO modules.modbus_poller: 현재 로드데이터는 : False
2026-07-20 11:02:57,068 INFO modules.modbus_poller: alarms: ['vehicle.warning.CommunicationLost']
2026-07-20 11:02:57,068 INFO modules.modbus_poller: msgs: []
2026-07-20 11:02:57,521 ERROR modules.modbus_poller: 진입 허가 동기화 루프 에러: 'NoneType' object has no attribute 'read_holding_registers'
2026-07-20 11:02:57,560 INFO modules.modbus_poller: vehicle 현재 위치는: {'coord': [-45.368, -0.449, 0], 'course': -0.008848819307611744, 'currentnode': {'name': 'Drop_JIG_LH', 'id': 5}, 'currentnodeid': 5, 'uncertainty': [0.0034612136599753564, 0.11227633937764936], 'map': 'Map 2', 'group': '1'}
2026-07-20 11:02:57,560 INFO modules.modbus_poller: 현재 로드데이터는 : False
2026-07-20 11:02:57,560 INFO modules.modbus_poller: alarms: ['vehicle.warning.CommunicationLost']
2026-07-20 11:02:57,561 INFO modules.modbus_poller: msgs: []
2026-07-20 11:02:57,561 INFO __main__: 현재 노드 위치 : 5
2026-07-20 11:02:58,072 INFO modules.modbus_poller: vehicle 현재 위치는: {'coord': [-45.368, -0.449, 0], 'course': -0.008848819307611744, 'currentnode': {'name': 'Drop_JIG_LH', 'id': 5}, 'currentnodeid': 5, 'uncertainty': [0.0034612136599753564, 0.11227633937764936], 'map': 'Map 2', 'group': '1'}
2026-07-20 11:02:58,072 INFO modules.modbus_poller: 현재 로드데이터는 : False
2026-07-20 11:02:58,072 INFO modules.modbus_poller: alarms: ['vehicle.warning.CommunicationLost']
2026-07-20 11:02:58,073 INFO modules.modbus_poller: msgs: []
2026-07-20 11:03:02,525 ERROR pymodbus.logging: Repeating....
2026-07-20 11:03:02,525 ERROR modules.modbus_poller: 진입 허가 동기화 루프 에러: 'NoneType' object has no attribute 'read_holding_registers'
2026-07-20 11:03:02,653 INFO __main__: 현재 노드 위치 : 5
2026-07-20 11:03:02,654 INFO modules.modbus_poller: vehicle 현재 위치는: {'coord': [-45.368, -0.449, 0], 'course': -0.008848819307611744, 'currentnode': {'name': 'Drop_JIG_LH', 'id': 5}, 'currentnodeid': 5, 'uncertainty': [0.0034612136599753564, 0.11227633937764936], 'map': 'Map 2', 'group': '1'}
2026-07-20 11:03:02,654 INFO modules.modbus_poller: 현재 로드데이터는 : False
2026-07-20 11:03:02,654 INFO modules.modbus_poller: alarms: ['vehicle.warning.CommunicationLost']
2026-07-20 11:03:02,654 INFO modules.modbus_poller: msgs: []
2026-07-20 11:03:03,164 INFO modules.modbus_poller: vehicle 현재 위치는: {'coord': [-45.368, -0.449, 0], 'course': -0.008848819307611744, 'currentnode': {'name': 'Drop_JIG_LH', 'id': 5}, 'currentnodeid': 5, 'uncertainty': [0.0034612136599753564, 0.11227633937764936], 'map': 'Map 2', 'group': '1'}
2026-07-20 11:03:03,164 INFO modules.modbus_poller: 현재 로드데이터는 : False
2026-07-20 11:03:03,164 INFO modules.modbus_poller: alarms: ['vehicle.warning.CommunicationLost']
2026-07-20 11:03:03,165 INFO modules.modbus_poller: msgs: []
2026-07-20 11:03:03,512 ERROR modules.modbus_poller: 진입 허가 동기화 루프 에러: 'NoneType' object has no attribute 'read_holding_registers'
2026-07-20 11:03:03,663 INFO __main__: 현재 노드 위치 : 5
2026-07-20 11:03:03,664 INFO modules.modbus_poller: vehicle 현재 위치는: {'coord': [-45.368, -0.449, 0], 'course': -0.008848819307611744, 'currentnode': {'name': 'Drop_JIG_LH', 'id': 5}, 'currentnodeid': 5, 'uncertainty': [0.0034612136599753564, 0.11227633937764936], 'map': 'Map 2', 'group': '1'}
2026-07-20 11:03:03,664 INFO modules.modbus_poller: 현재 로드데이터는 : False
2026-07-20 11:03:03,664 INFO modules.modbus_poller: alarms: ['vehicle.warning.CommunicationLost']
2026-07-20 11:03:03,664 INFO modules.modbus_poller: msgs: []
2026-07-20 11:03:04,171 INFO modules.modbus_poller: vehicle 현재 위치는: {'coord': [-45.368, -0.449, 0], 'course': -0.008848819307611744, 'currentnode': {'name': 'Drop_JIG_LH', 'id': 5}, 'currentnodeid': 5, 'uncertainty': [0.0034612136599753564, 0.11227633937764936], 'map': 'Map 2', 'group': '1'}
2026-07-20 11:03:04,172 INFO modules.modbus_poller: 현재 로드데이터는 : False
2026-07-20 11:03:04,172 INFO modules.modbus_poller: alarms: ['vehicle.warning.CommunicationLost']
2026-07-20 11:03:04,172 INFO modules.modbus_poller: msgs: []
2026-07-20 11:03:04,525 ERROR modules.modbus_poller: 진입 허가 동기화 루프 에러: 'NoneType' object has no attribute 'read_holding_registers'
2026-07-20 11:03:04,666 INFO __main__: 현재 노드 위치 : 5
2026-07-20 11:03:04,689 INFO modules.modbus_poller: vehicle 현재 위치는: {'coord': [-45.368, -0.449, 0], 'course': -0.008848819307611744, 'currentnode': {'name': 'Drop_JIG_LH', 'id': 5}, 'currentnodeid': 5, 'uncertainty': [0.0034612136599753564, 0.11227633937764936], 'map': 'Map 2', 'group': '1'}
2026-07-20 11:03:04,689 INFO modules.modbus_poller: 현재 로드데이터는 : False
2026-07-20 11:03:04,689 INFO modules.modbus_poller: alarms: ['vehicle.warning.CommunicationLost']
2026-07-20 11:03:04,689 INFO modules.modbus_poller: msgs: []
2026-07-20 11:03:05,180 INFO modules.modbus_poller: vehicle 현재 위치는: {'coord': [-45.368, -0.449, 0], 'course': -0.008848819307611744, 'currentnode': {'name': 'Drop_JIG_LH', 'id': 5}, 'currentnodeid': 5, 'uncertainty': [0.0034612136599753564, 0.11227633937764936], 'map': 'Map 2', 'group': '1'}
2026-07-20 11:03:05,181 INFO modules.modbus_poller: 현재 로드데이터는 : False
2026-07-20 11:03:05,181 INFO modules.modbus_poller: alarms: ['vehicle.warning.CommunicationLost']
2026-07-20 11:03:05,181 INFO modules.modbus_poller: msgs: []
2026-07-20 11:03:05,520 ERROR modules.modbus_poller: 진입 허가 동기화 루프 에러: 'NoneType' object has no attribute 'read_holding_registers'
2026-07-20 11:03:05,663 INFO __main__: 현재 노드 위치 : 5
2026-07-20 11:03:05,685 INFO modules.modbus_poller: vehicle 현재 위치는: {'coord': [-45.368, -0.449, 0], 'course': -0.008848819307611744, 'currentnode': {'name': 'Drop_JIG_LH', 'id': 5}, 'currentnodeid': 5, 'uncertainty': [0.0034612136599753564, 0.11227633937764936], 'map': 'Map 2', 'group': '1'}
2026-07-20 11:03:05,685 INFO modules.modbus_poller: 현재 로드데이터는 : False
2026-07-20 11:03:05,685 INFO modules.modbus_poller: alarms: ['vehicle.warning.CommunicationLost']
2026-07-20 11:03:05,685 INFO modules.modbus_poller: msgs: []
2026-07-20 11:03:06,194 INFO modules.modbus_poller: vehicle 현재 위치는: {'coord': [-45.368, -0.449, 0], 'course': -0.008848819307611744, 'currentnode': {'name': 'Drop_JIG_LH', 'id': 5}, 'currentnodeid': 5, 'uncertainty': [0.0034612136599753564, 0.11227633937764936], 'map': 'Map 2', 'group': '1'}
2026-07-20 11:03:06,194 INFO modules.modbus_poller: 현재 로드데이터는 : False
2026-07-20 11:03:06,194 INFO modules.modbus_poller: alarms: ['vehicle.warning.CommunicationLost']
2026-07-20 11:03:06,194 INFO modules.modbus_poller: msgs: []
2026-07-20 11:03:06,502 ERROR modules.modbus_poller: 진입 허가 동기화 루프 에러: 'NoneType' object has no attribute 'read_holding_registers'
2026-07-20 11:03:06,665 INFO __main__: 현재 노드 위치 : 5
2026-07-20 11:03:06,701 INFO modules.modbus_poller: vehicle 현재 위치는: {'coord': [-45.368, -0.449, 0], 'course': -0.008848819307611744, 'currentnode': {'name': 'Drop_JIG_LH', 'id': 5}, 'currentnodeid': 5, 'uncertainty': [0.0034612136599753564, 0.11227633937764936], 'map': 'Map 2', 'group': '1'}
2026-07-20 11:03:06,701 INFO modules.modbus_poller: 현재 로드데이터는 : False
2026-07-20 11:03:06,701 INFO modules.modbus_poller: alarms: ['vehicle.warning.CommunicationLost']
2026-07-20 11:03:06,701 INFO modules.modbus_poller: msgs: []
2026-07-20 11:03:07,209 INFO modules.modbus_poller: vehicle 현재 위치는: {'coord': [-45.368, -0.449, 0], 'course': -0.008848819307611744, 'currentnode': {'name': 'Drop_JIG_LH', 'id': 5}, 'currentnodeid': 5, 'uncertainty': [0.0034612136599753564, 0.11227633937764936], 'map': 'Map 2', 'group': '1'}
2026-07-20 11:03:07,209 INFO modules.modbus_poller: 현재 로드데이터는 : False
2026-07-20 11:03:07,210 INFO modules.modbus_poller: alarms: ['vehicle.warning.CommunicationLost']
2026-07-20 11:03:07,210 INFO modules.modbus_poller: msgs: []
2026-07-20 11:03:07,413 INFO __main__: ---------------------------------map data는 [{'orientation': 0, 'offset': [0, 0], 'data': {'level': 1, 'origin': {'orientation': 0, 'offset': [0, 0]}, 'format': 'bluebotics-nav-format2', 'layers': [{'name': 'localization', 'circles': [], 'lines': [{'coord': [-61.55649660272188, 4.491115633577647, -61.54933885420809, 0.24568371130681532]}, {'coord': [-61.54881153267684, 0.040665658609004396, -61.54087878224259, -5.644095666325452]}, {'coord': [-56.573195937960335, 4.589464932440931, -60.762855797924374, 4.585417982224641]}, {'coord': [-49.94354352945222, 4.611411967838055, -55.47837532531018, 4.5996862883377165]}, {'coord': [-59.984488552203686, -20.372859315112798, -57.29820010897269, -20.369608197826047]}, {'coord': [-44.2821547098936, 4.618975946721082, -49.77281802467063, 4.609723176237309]}, {'coord': [-56.58375989052157, -20.363392551480754, -54.23440761564985, -20.35002024595488]}, {'coord': [-53.38409137951091, -20.32862705641884, -52.49508056233678, -20.318702493588283]}, {'coord': [-46.85023000202051, -20.298012358328297, -43.81411846694097, -20.29549908217092]}, {'coord': [-42.57687758031569, -20.32613938998039, -40.31152721846213, -20.31028542990796]}, {'coord': [-40.0869078643663, -20.30672512576821, -37.02419576768776, -20.289980190444815]}, {'coord': [-23.28465551575646, 4.702082157139858, -44.2210410917624, 4.624295315002758]}, {'coord': [-36.71850388308176, -20.28777073665908, -33.792164819433054, -20.28765005657442]}, {'coord': [-20.463518207557293, -2.446644183145297, -20.52216929619469, 5.670285863356378]}], 'defaultstyleid': {'circles': 'localization', 'lines': 'localization', 'points': 'localization'}, 'symbols': [], 'desc': 'Segments, circles and reflectors', 'points': [{'coord': [-39.41597954997986, 0.7439848356085497, 0.05]}, {'coord': [-46.4253455151022, 3.523667869909593, 0.05]}, {'coord': [-46.39387328508525, -1.7823160525146298, 0.05]}]}, {'name': 'navigation', 'lines': [{'coord': [-45.372453625411985, 1.8535383770319047, -42.70412954665724, 1.815], 'ids': [1, 3]}, {'coord': [-37.93136013768658, 2.6432608330488945, -41.596845300682936, 2.6432608330488945], 'ids': [2, 19]}, {'coord': [-42.70412954665724, 1.815, -45.372453625411985, 1.8535383770319047], 'ids': [3, 16]}, {'coord': [-42.70412954665724, 1.815, -42.70412954665724, -0.474], 'ids': [3, 4]}, {'coord': [-42.70412954665724, 1.815, -45.372453625411985, 1.8535383770319047], 'ids': [3, 1]}, {'coord': [-42.70412954665724, 1.815, -42.445406632904124, 2.1389228442860952], 'ids': [3, 9]}, {'coord': [-42.70412954665724, 1.815, -42.534025505813354, 1.556597499657298], 'ids': [3, 10]}, {'coord': [-42.70412954665724, 1.815, -42.70412954665724, 2.3040290704210715], 'ids': [3, 21]}, {'coord': [-42.70412954665724, -0.474, -42.51588724775109, -0.17391439425507205], 'ids': [4, 11]}, {'coord': [-42.70412954665724, -0.474, -45.37245362541198, -0.45042222115716846], 'ids': [4, 15]}, {'coord': [-42.70412954665724, -0.474, -42.481029789869794, -0.7610748338409599], 'ids': [4, 12]}, {'coord': [-42.70412954665724, -0.474, -43.10133725967421, -1.8677871643623498], 'ids': [4, 7]}, {'coord': [-42.70412954665724, -0.474, -42.70412954665724, 1.815], 'ids': [4, 3]}, {'coord': [-42.70412954665724, -0.474, -45.37245362541198, -0.45042222115716846], 'ids': [4, 5]}, {'coord': [-45.37245362541198, -0.45042222115716846, -42.70412954665724, -0.474], 'ids': [5, 4]}, {'coord': [-40.636281798143266, -1.8677871643623498, -43.10133725967421, -1.8677871643623498], 'ids': [6, 7]}, {'coord': [-43.10133725967421, -1.8677871643623498, -42.70412954665724, -0.474], 'ids': [7, 4]}, {'coord': [-43.10133725967421, -1.8677871643623498, -40.636281798143266, -1.8677871643623498], 'ids': [7, 14]}, {'coord': [-43.10133725967421, -1.8677871643623498, -43.27989079751092, -2.03837886736822], 'ids': [7, 13]}, {'coord': [-43.10133725967421, -1.8677871643623498, -40.636281798143266, -1.8677871643623498], 'ids': [7, 6]}, {'coord': [-42.445406632904124, 2.1389228442860952, -42.70412954665724, 1.815], 'ids': [9, 3]}, {'coord': [-42.534025505813354, 1.556597499657298, -42.70412954665724, 1.815], 'ids': [10, 3]}, {'coord': [-42.51588724775109, -0.17391439425507205, -42.70412954665724, -0.474], 'ids': [11, 4]}, {'coord': [-42.481029789869794, -0.7610748338409599, -42.70412954665724, -0.474], 'ids': [12, 4]}, {'coord': [-43.27989079751092, -2.03837886736822, -43.10133725967421, -1.8677871643623498], 'ids': [13, 7]}, {'coord': [-40.636281798143266, -1.8677871643623498, -43.10133725967421, -1.8677871643623498], 'ids': [14, 7]}, {'coord': [-45.37245362541198, -0.45042222115716846, -42.70412954665724, -0.474], 'ids': [15, 4]}, {'coord': [-45.372453625411985, 1.8535383770319047, -42.70412954665724, 1.815], 'ids': [16, 3]}, {'coord': [-41.596845300682936, 2.6432608330488945, -42.70412954665724, 2.3040290704210715], 'ids': [19, 21]}, {'coord': [-41.596845300682936, 2.6432608330488945, -41.2290690752991, 2.6432608330488945], 'ids': [19, 20]}, {'coord': [-41.2290690752991, 2.6432608330488945, -41.232, 2.6432608330488945], 'ids': [20, 24]}, {'coord': [-42.70412954665724, 2.3040290704210715, -41.596845300682936, 2.6432608330488945], 'ids': [21, 19]}, {'coord': [-42.70412954665724, 2.3040290704210715, -42.70412954665724, 1.815], 'ids': [21, 3]}, {'coord': [-42.70412954665724, 2.3040290704210715, -42.9321373453342, 2.4517509408911913], 'ids': [21, 22]}, {'coord': [-42.9321373453342, 2.4517509408911913, -42.70412954665724, 2.3040290704210715], 'ids': [22, 21]}, {'coord': [-41.232, 2.6432608330488945, -41.596845300682936, 2.6432608330488945], 'ids': [24, 19]}, {'coord': [-41.232, 2.6432608330488945, -37.93136013768658, 2.6432608330488945], 'ids': [24, 2]}], 'defaultstyleid': {'lines': 'navigation', 'points': 'navigation'}, 'symbols': [{'symbolid': 'node', 'coord': [-45.372453625411985, 1.8535383770319047, 0.0179768912955414], 'name': 'Drop_JIG_RH', 'id': 1}, {'symbolid': 'node', 'coord': [-37.93136013768658, 2.6432608330488945, 3.159569544885334], 'name': 'Parking', 'id': 2}, {'symbolid': 'node', 'coord': [-42.70412954665724, 1.815, 0.0179768912955414], 'name': 'enter_RH', 'id': 3}, {'symbolid': 'node', 'coord': [-42.70412954665724, -0.474, 5.532823182791283], 'name': 'enter_LH', 'id': 4}, {'symbolid': 'node', 'coord': [-45.37245362541198, -0.45042222115716846, 0.0179768912955414], 'name': 'Drop_JIG_LH', 'id': 5}, {'symbolid': 'node', 'coord': [-40.636281798143266, -1.8677871643623498, 3.159569544885334], 'name': 'Drop_MAP', 'id': 6}, {'symbolid': 'node', 'coord': [-43.10133725967421, -1.8677871643623498, 0.0179768912955414], 'name': 'enter_MAP', 'id': 7}, {'symbolid': 'node', 'coord': [-42.445406632904124, 2.1389228442860952, 0.0179768912955414], 'name': '9', 'id': 9}, {'symbolid': 'node', 'coord': [-42.534025505813354, 1.556597499657298, 0.0179768912955414], 'name': '10', 'id': 10}, {'symbolid': 'node', 'coord': [-42.51588724775109, -0.17391439425507205, 0.0179768912955414], 'name': '11', 'id': 11}, {'symbolid': 'node', 'coord': [-42.481029789869794, -0.7610748338409599, 0.0179768912955414], 'name': '12', 'id': 12}, {'symbolid': 'node', 'coord': [-43.27989079751092, -2.03837886736822, 3.1415961547388984], 'name': '13', 'id': 13}, {'symbolid': 'node', 'coord': [-40.636281798143266, -1.8677871643623498, 3.159569544885334], 'name': 'Pick_MAP', 'id': 14}, {'symbolid': 'node', 'coord': [-45.37245362541198, -0.45042222115716846, 0.0179768912955414], 'name': 'Pick_JIG_LH', 'id': 15}, {'symbolid': 'node', 'coord': [-45.372453625411985, 1.8535383770319047, 0.0179768912955414], 'name': 'Pick_JIG_RH', 'id': 16}, {'symbolid': 'node', 'coord': [-41.596845300682936, 2.6432608330488945, 0.0005235987755983001], 'name': '19', 'id': 19}, {'symbolid': 'node', 'coord': [-41.2290690752991, 2.6432608330488945, 0.0005235987755983001], 'name': 'enter_Parking', 'id': 20}, {'symbolid': 'node', 'coord': [-42.70412954665724, 2.3040290704210715, 0.0005235987755983001], 'name': '21', 'id': 21}, {'symbolid': 'node', 'coord': [-42.9321373453342, 2.4517509408911913, 0.0005235987755983001], 'name': '22', 'id': 22}, {'symbolid': 'node', 'coord': [-41.232, 2.6432608330488945, 0], 'name': '24', 'id': 24}], 'desc': 'Nodes, links and virtual walls', 'points': []}], 'alias': 'Map 2', 'description': '\x01', 'styles': [{'strokecolor': '#FFFFFF', 'fillcolor': '#FFFFFF', 'id': 'node', 'stroke': 1}, {'strokecolor': '#0000FF', 'fillcolor': '#0000FF', 'id': 'virtual-wall', 'stroke': 1}, {'strokecolor': '#FFFFFF', 'fillcolor': '#FFFFFF', 'id': 'localization', 'stroke': 1}, {'strokecolor': '#FF0000', 'fillcolor': '#FF0000', 'id': 'navigation', 'stroke': 1}], 'id': 889, 'symbols': [{'id': 'node', 'lines': [{'coord': [0, 0, 0.3, 0], 'styleid': 'node'}, {'coord': [0.3, 0, 0.25, 0.05], 'styleid': 'node'}, {'coord': [0.3, 0, 0.25, -0.05], 'styleid': 'node'}, {'coord': [0.15, 0, -0.15, 0], 'styleid': 'node'}, {'coord': [0, 0.15, 0, -0.15], 'styleid': 'node'}], 'desc': '', 'points': []}]}, 'format': 'bluebotics-nav-format2', 'group': '1'}]
2026-07-20 11:03:07,414 INFO __main__: 레벨 1 맵 데이터를 성공적으로 최초 캐싱했습니다.
2026-07-20 11:03:07,504 ERROR modules.modbus_poller: 진입 허가 동기화 루프 에러: 'NoneType' object has no attribute 'read_holding_registers'
2026-07-20 11:03:11,529 ERROR pymodbus.logging: Connection to (localhost, 502) failed: [WinError 10061] 대상 컴퓨터에서 연결을 거부했으므로 연결하지 못했습니다
2026-07-20 11:03:11,533 ERROR modules.modbus_poller: 진입 허가 동기화 루프 에러: 'NoneType' object has no attribute 'read_holding_registers'
2026-07-20 11:03:11,545 INFO modules.modbus_poller: vehicle 현재 위치는: {'coord': [-45.368, -0.449, 0], 'course': -0.008848819307611744, 'currentnode': {'name': 'Drop_JIG_LH', 'id': 5}, 'currentnodeid': 5, 'uncertainty': [0.0034612136599753564, 0.11227633937764936], 'map': 'Map 2', 'group': '1'}
2026-07-20 11:03:11,546 INFO modules.modbus_poller: 현재 로드데이터는 : False
2026-07-20 11:03:11,546 INFO modules.modbus_poller: alarms: ['vehicle.warning.CommunicationLost']
2026-07-20 11:03:11,546 INFO modules.modbus_poller: msgs: []
2026-07-20 11:03:11,552 INFO __main__: 현재 노드 위치 : 5
2026-07-20 11:03:12,060 INFO modules.modbus_poller: vehicle 현재 위치는: {'coord': [-45.368, -0.449, 0], 'course': -0.008848819307611744, 'currentnode': {'name': 'Drop_JIG_LH', 'id': 5}, 'currentnodeid': 5, 'uncertainty': [0.0034612136599753564, 0.11227633937764936], 'map': 'Map 2', 'group': '1'}
2026-07-20 11:03:12,061 INFO modules.modbus_poller: 현재 로드데이터는 : False
2026-07-20 11:03:12,061 INFO modules.modbus_poller: alarms: ['vehicle.warning.CommunicationLost']
2026-07-20 11:03:12,061 INFO modules.modbus_poller: msgs: []
2026-07-20 11:03:12,537 ERROR modules.modbus_poller: 진입 허가 동기화 루프 에러: 'NoneType' object has no attribute 'read_holding_registers'
2026-07-20 11:03:12,561 INFO modules.modbus_poller: vehicle 현재 위치는: {'coord': [-45.368, -0.449, 0], 'course': -0.008848819307611744, 'currentnode': {'name': 'Drop_JIG_LH', 'id': 5}, 'currentnodeid': 5, 'uncertainty': [0.0034612136599753564, 0.11227633937764936], 'map': 'Map 2', 'group': '1'}
2026-07-20 11:03:12,561 INFO modules.modbus_poller: 현재 로드데이터는 : False
2026-07-20 11:03:12,561 INFO modules.modbus_poller: alarms: ['vehicle.warning.CommunicationLost']
2026-07-20 11:03:12,562 INFO modules.modbus_poller: msgs: []
2026-07-20 11:03:12,562 INFO __main__: 현재 노드 위치 : 5
2026-07-20 11:03:13,078 INFO modules.modbus_poller: vehicle 현재 위치는: {'coord': [-45.368, -0.449, 0], 'course': -0.008848819307611744, 'currentnode': {'name': 'Drop_JIG_LH', 'id': 5}, 'currentnodeid': 5, 'uncertainty': [0.0034612136599753564, 0.11227633937764936], 'map': 'Map 2', 'group': '1'}
2026-07-20 11:03:13,079 INFO modules.modbus_poller: 현재 로드데이터는 : False
2026-07-20 11:03:13,079 INFO modules.modbus_poller: alarms: ['vehicle.warning.CommunicationLost']
2026-07-20 11:03:13,079 INFO modules.modbus_poller: msgs: []
2026-07-20 11:03:13,540 ERROR modules.modbus_poller: 진입 허가 동기화 루프 에러: 'NoneType' object has no attribute 'read_holding_registers'
2026-07-20 11:03:13,580 INFO __main__: 현재 노드 위치 : 5
2026-07-20 11:03:13,580 INFO modules.modbus_poller: vehicle 현재 위치는: {'coord': [-45.368, -0.449, 0], 'course': -0.008848819307611744, 'currentnode': {'name': 'Drop_JIG_LH', 'id': 5}, 'currentnodeid': 5, 'uncertainty': [0.0034612136599753564, 0.11227633937764936], 'map': 'Map 2', 'group': '1'}
2026-07-20 11:03:13,581 INFO modules.modbus_poller: 현재 로드데이터는 : False
2026-07-20 11:03:13,581 INFO modules.modbus_poller: alarms: ['vehicle.warning.CommunicationLost']
2026-07-20 11:03:13,581 INFO modules.modbus_poller: msgs: []
2026-07-20 11:03:14,084 INFO modules.modbus_poller: vehicle 현재 위치는: {'coord': [-45.368, -0.449, 0], 'course': -0.008848819307611744, 'currentnode': {'name': 'Drop_JIG_LH', 'id': 5}, 'currentnodeid': 5, 'uncertainty': [0.0034612136599753564, 0.11227633937764936], 'map': 'Map 2', 'group': '1'}
2026-07-20 11:03:14,084 INFO modules.modbus_poller: 현재 로드데이터는 : False
2026-07-20 11:03:14,085 INFO modules.modbus_poller: alarms: ['vehicle.warning.CommunicationLost']
2026-07-20 11:03:14,085 INFO modules.modbus_poller: msgs: []
2026-07-20 11:03:14,531 ERROR modules.modbus_poller: 진입 허가 동기화 루프 에러: 'NoneType' object has no attribute 'read_holding_registers'
2026-07-20 11:03:14,586 INFO modules.modbus_poller: vehicle 현재 위치는: {'coord': [-45.368, -0.449, 0], 'course': -0.008848819307611744, 'currentnode': {'name': 'Drop_JIG_LH', 'id': 5}, 'currentnodeid': 5, 'uncertainty': [0.0034612136599753564, 0.11227633937764936], 'map': 'Map 2', 'group': '1'}
2026-07-20 11:03:14,586 INFO modules.modbus_poller: 현재 로드데이터는 : False
2026-07-20 11:03:14,586 INFO modules.modbus_poller: alarms: ['vehicle.warning.CommunicationLost']
2026-07-20 11:03:14,586 INFO modules.modbus_poller: msgs: []
2026-07-20 11:03:14,587 INFO __main__: 현재 노드 위치 : 5
2026-07-20 11:03:15,093 INFO modules.modbus_poller: vehicle 현재 위치는: {'coord': [-45.368, -0.449, 0], 'course': -0.008848819307611744, 'currentnode': {'name': 'Drop_JIG_LH', 'id': 5}, 'currentnodeid': 5, 'uncertainty': [0.0034612136599753564, 0.11227633937764936], 'map': 'Map 2', 'group': '1'}
2026-07-20 11:03:15,094 INFO modules.modbus_poller: 현재 로드데이터는 : False
2026-07-20 11:03:15,094 INFO modules.modbus_poller: alarms: ['vehicle.warning.CommunicationLost']
2026-07-20 11:03:15,094 INFO modules.modbus_poller: msgs: []
2026-07-20 11:03:15,532 ERROR modules.modbus_poller: 진입 허가 동기화 루프 에러: 'NoneType' object has no attribute 'read_holding_registers'
2026-07-20 11:03:15,587 INFO __main__: 현재 노드 위치 : 5
2026-07-20 11:03:15,587 INFO modules.modbus_poller: vehicle 현재 위치는: {'coord': [-45.368, -0.449, 0], 'course': -0.008848819307611744, 'currentnode': {'name': 'Drop_JIG_LH', 'id': 5}, 'currentnodeid': 5, 'uncertainty': [0.0034612136599753564, 0.11227633937764936], 'map': 'Map 2', 'group': '1'}
2026-07-20 11:03:15,588 INFO modules.modbus_poller: 현재 로드데이터는 : False
2026-07-20 11:03:15,588 INFO modules.modbus_poller: alarms: ['vehicle.warning.CommunicationLost']
2026-07-20 11:03:15,588 INFO modules.modbus_poller: msgs: []
2026-07-20 11:03:16,082 INFO modules.modbus_poller: vehicle 현재 위치는: {'coord': [-45.368, -0.449, 0], 'course': -0.008848819307611744, 'currentnode': {'name': 'Drop_JIG_LH', 'id': 5}, 'currentnodeid': 5, 'uncertainty': [0.0034612136599753564, 0.11227633937764936], 'map': 'Map 2', 'group': '1'}
2026-07-20 11:03:16,082 INFO modules.modbus_poller: 현재 로드데이터는 : False
2026-07-20 11:03:16,083 INFO modules.modbus_poller: alarms: ['vehicle.warning.CommunicationLost']
2026-07-20 11:03:16,083 INFO modules.modbus_poller: msgs: []
2026-07-20 11:03:20,550 ERROR pymodbus.logging: Connection to (localhost, 502) failed: [WinError 10061] 대상 컴퓨터에서 연결을 거부했으므로 연결하지 못했습니다
2026-07-20 11:03:20,550 ERROR modules.modbus_poller: 진입 허가 동기화 루프 에러: 'NoneType' object has no attribute 'read_holding_registers'
2026-07-20 11:03:20,565 INFO __main__: 현재 노드 위치 : 5
2026-07-20 11:03:20,570 INFO modules.modbus_poller: vehicle 현재 위치는: {'coord': [-45.368, -0.449, 0], 'course': -0.008848819307611744, 'currentnode': {'name': 'Drop_JIG_LH', 'id': 5}, 'currentnodeid': 5, 'uncertainty': [0.0034612136599753564, 0.11227633937764936], 'map': 'Map 2', 'group': '1'}
2026-07-20 11:03:20,570 INFO modules.modbus_poller: 현재 로드데이터는 : False
2026-07-20 11:03:20,570 INFO modules.modbus_poller: alarms: ['vehicle.warning.CommunicationLost']
2026-07-20 11:03:20,570 INFO modules.modbus_poller: msgs: []
2026-07-20 11:03:21,058 INFO modules.modbus_poller: vehicle 현재 위치는: {'coord': [-45.368, -0.449, 0], 'course': -0.008848819307611744, 'currentnode': {'name': 'Drop_JIG_LH', 'id': 5}, 'currentnodeid': 5, 'uncertainty': [0.0034612136599753564, 0.11227633937764936], 'map': 'Map 2', 'group': '1'}
2026-07-20 11:03:21,058 INFO modules.modbus_poller: 현재 로드데이터는 : False
2026-07-20 11:03:21,058 INFO modules.modbus_poller: alarms: ['vehicle.warning.CommunicationLost']
2026-07-20 11:03:21,059 INFO modules.modbus_poller: msgs: []
2026-07-20 11:03:21,551 ERROR modules.modbus_poller: 진입 허가 동기화 루프 에러: 'NoneType' object has no attribute 'read_holding_registers'
2026-07-20 11:03:21,557 INFO modules.modbus_poller: vehicle 현재 위치는: {'coord': [-45.368, -0.449, 0], 'course': -0.008848819307611744, 'currentnode': {'name': 'Drop_JIG_LH', 'id': 5}, 'currentnodeid': 5, 'uncertainty': [0.0034612136599753564, 0.11227633937764936], 'map': 'Map 2', 'group': '1'}
2026-07-20 11:03:21,557 INFO modules.modbus_poller: 현재 로드데이터는 : False
2026-07-20 11:03:21,558 INFO modules.modbus_poller: alarms: ['vehicle.warning.CommunicationLost']
2026-07-20 11:03:21,558 INFO modules.modbus_poller: msgs: []
2026-07-20 11:03:21,559 INFO __main__: 현재 노드 위치 : 5
2026-07-20 11:03:22,058 INFO modules.modbus_poller: vehicle 현재 위치는: {'coord': [-45.368, -0.449, 0], 'course': -0.008848819307611744, 'currentnode': {'name': 'Drop_JIG_LH', 'id': 5}, 'currentnodeid': 5, 'uncertainty': [0.0034612136599753564, 0.11227633937764936], 'map': 'Map 2', 'group': '1'}
2026-07-20 11:03:22,058 INFO modules.modbus_poller: 현재 로드데이터는 : False
2026-07-20 11:03:22,058 INFO modules.modbus_poller: alarms: ['vehicle.warning.CommunicationLost']
2026-07-20 11:03:22,058 INFO modules.modbus_poller: msgs: []
2026-07-20 11:03:22,560 ERROR modules.modbus_poller: 진입 허가 동기화 루프 에러: 'NoneType' object has no attribute 'read_holding_registers'
2026-07-20 11:03:22,567 INFO modules.modbus_poller: vehicle 현재 위치는: {'coord': [-45.368, -0.449, 0], 'course': -0.008848819307611744, 'currentnode': {'name': 'Drop_JIG_LH', 'id': 5}, 'currentnodeid': 5, 'uncertainty': [0.0034612136599753564, 0.11227633937764936], 'map': 'Map 2', 'group': '1'}
2026-07-20 11:03:22,567 INFO modules.modbus_poller: 현재 로드데이터는 : False
2026-07-20 11:03:22,567 INFO modules.modbus_poller: alarms: ['vehicle.warning.CommunicationLost']
2026-07-20 11:03:22,567 INFO modules.modbus_poller: msgs: []
2026-07-20 11:03:22,568 INFO __main__: 현재 노드 위치 : 5
2026-07-20 11:03:23,089 INFO modules.modbus_poller: vehicle 현재 위치는: {'coord': [-45.368, -0.449, 0], 'course': -0.008848819307611744, 'currentnode': {'name': 'Drop_JIG_LH', 'id': 5}, 'currentnodeid': 5, 'uncertainty': [0.0034612136599753564, 0.11227633937764936], 'map': 'Map 2', 'group': '1'}
2026-07-20 11:03:23,089 INFO modules.modbus_poller: 현재 로드데이터는 : False
2026-07-20 11:03:23,089 INFO modules.modbus_poller: alarms: ['vehicle.warning.CommunicationLost']
2026-07-20 11:03:23,089 INFO modules.modbus_poller: msgs: []
2026-07-20 11:03:23,566 ERROR modules.modbus_poller: 진입 허가 동기화 루프 에러: 'NoneType' object has no attribute 'read_holding_registers'
2026-07-20 11:03:23,572 INFO __main__: 현재 노드 위치 : 5
2026-07-20 11:03:23,595 INFO modules.modbus_poller: vehicle 현재 위치는: {'coord': [-45.368, -0.449, 0], 'course': -0.008848819307611744, 'currentnode': {'name': 'Drop_JIG_LH', 'id': 5}, 'currentnodeid': 5, 'uncertainty': [0.0034612136599753564, 0.11227633937764936], 'map': 'Map 2', 'group': '1'}
2026-07-20 11:03:23,595 INFO modules.modbus_poller: 현재 로드데이터는 : False
2026-07-20 11:03:23,595 INFO modules.modbus_poller: alarms: ['vehicle.warning.CommunicationLost']
2026-07-20 11:03:23,596 INFO modules.modbus_poller: msgs: []
2026-07-20 11:03:24,093 INFO modules.modbus_poller: vehicle 현재 위치는: {'coord': [-45.368, -0.449, 0], 'course': -0.008848819307611744, 'currentnode': {'name': 'Drop_JIG_LH', 'id': 5}, 'currentnodeid': 5, 'uncertainty': [0.0034612136599753564, 0.11227633937764936], 'map': 'Map 2', 'group': '1'}
2026-07-20 11:03:24,093 INFO modules.modbus_poller: 현재 로드데이터는 : False
2026-07-20 11:03:24,094 INFO modules.modbus_poller: alarms: ['vehicle.warning.CommunicationLost']
2026-07-20 11:03:24,094 INFO modules.modbus_poller: msgs: []
2026-07-20 11:03:24,571 ERROR modules.modbus_poller: 진입 허가 동기화 루프 에러: 'NoneType' object has no attribute 'read_holding_registers'
2026-07-20 11:03:24,577 INFO __main__: 현재 노드 위치 : 5
2026-07-20 11:03:24,583 INFO modules.modbus_poller: vehicle 현재 위치는: {'coord': [-45.368, -0.449, 0], 'course': -0.008848819307611744, 'currentnode': {'name': 'Drop_JIG_LH', 'id': 5}, 'currentnodeid': 5, 'uncertainty': [0.0034612136599753564, 0.11227633937764936], 'map': 'Map 2', 'group': '1'}
2026-07-20 11:03:24,583 INFO modules.modbus_poller: 현재 로드데이터는 : False
2026-07-20 11:03:24,583 INFO modules.modbus_poller: alarms: ['vehicle.warning.CommunicationLost']
2026-07-20 11:03:24,584 INFO modules.modbus_poller: msgs: []
2026-07-20 11:03:25,090 INFO modules.modbus_poller: vehicle 현재 위치는: {'coord': [-45.368, -0.449, 0], 'course': -0.008848819307611744, 'currentnode': {'name': 'Drop_JIG_LH', 'id': 5}, 'currentnodeid': 5, 'uncertainty': [0.0034612136599753564, 0.11227633937764936], 'map': 'Map 2', 'group': '1'}
2026-07-20 11:03:25,090 INFO modules.modbus_poller: 현재 로드데이터는 : False
2026-07-20 11:03:25,091 INFO modules.modbus_poller: alarms: ['vehicle.warning.CommunicationLost']
2026-07-20 11:03:25,091 INFO modules.modbus_poller: msgs: []
2026-07-20 11:03:29,565 ERROR pymodbus.logging: Connection to (localhost, 502) failed: [WinError 10061] 대상 컴퓨터에서 연결을 거부했으므로 연결하지 못했습니다
2026-07-20 11:03:29,565 ERROR modules.modbus_poller: 진입 허가 동기화 루프 에러: 'NoneType' object has no attribute 'read_holding_registers'
2026-07-20 11:03:29,577 INFO __main__: 현재 노드 위치 : 5
2026-07-20 11:03:29,578 INFO modules.modbus_poller: vehicle 현재 위치는: {'coord': [-45.368, -0.449, 0], 'course': -0.008848819307611744, 'currentnode': {'name': 'Drop_JIG_LH', 'id': 5}, 'currentnodeid': 5, 'uncertainty': [0.0034612136599753564, 0.11227633937764936], 'map': 'Map 2', 'group': '1'}
2026-07-20 11:03:29,579 INFO modules.modbus_poller: 현재 로드데이터는 : False
2026-07-20 11:03:29,579 INFO modules.modbus_poller: alarms: ['vehicle.warning.CommunicationLost']
2026-07-20 11:03:29,579 INFO modules.modbus_poller: msgs: []
2026-07-20 11:03:30,091 INFO modules.modbus_poller: vehicle 현재 위치는: {'coord': [-45.368, -0.449, 0], 'course': -0.008848819307611744, 'currentnode': {'name': 'Drop_JIG_LH', 'id': 5}, 'currentnodeid': 5, 'uncertainty': [0.0034612136599753564, 0.11227633937764936], 'map': 'Map 2', 'group': '1'}
2026-07-20 11:03:30,091 INFO modules.modbus_poller: 현재 로드데이터는 : False
2026-07-20 11:03:30,091 INFO modules.modbus_poller: alarms: ['vehicle.warning.CommunicationLost']
2026-07-20 11:03:30,091 INFO modules.modbus_poller: msgs: []
2026-07-20 11:03:30,555 ERROR modules.modbus_poller: 진입 허가 동기화 루프 에러: 'NoneType' object has no attribute 'read_holding_registers'
2026-07-20 11:03:30,593 INFO modules.modbus_poller: vehicle 현재 위치는: {'coord': [-45.368, -0.449, 0], 'course': -0.008848819307611744, 'currentnode': {'name': 'Drop_JIG_LH', 'id': 5}, 'currentnodeid': 5, 'uncertainty': [0.0034612136599753564, 0.11227633937764936], 'map': 'Map 2', 'group': '1'}
2026-07-20 11:03:30,594 INFO modules.modbus_poller: 현재 로드데이터는 : False
2026-07-20 11:03:30,594 INFO modules.modbus_poller: alarms: ['vehicle.warning.CommunicationLost']
2026-07-20 11:03:30,594 INFO modules.modbus_poller: msgs: []
2026-07-20 11:03:30,594 INFO __main__: 현재 노드 위치 : 5
2026-07-20 11:03:31,105 INFO modules.modbus_poller: vehicle 현재 위치는: {'coord': [-45.368, -0.449, 0], 'course': -0.008848819307611744, 'currentnode': {'name': 'Drop_JIG_LH', 'id': 5}, 'currentnodeid': 5, 'uncertainty': [0.0034612136599753564, 0.11227633937764936], 'map': 'Map 2', 'group': '1'}
2026-07-20 11:03:31,105 INFO modules.modbus_poller: 현재 로드데이터는 : False
2026-07-20 11:03:31,106 INFO modules.modbus_poller: alarms: ['vehicle.warning.CommunicationLost']
2026-07-20 11:03:31,106 INFO modules.modbus_poller: msgs: []
2026-07-20 11:03:31,553 ERROR modules.modbus_poller: 진입 허가 동기화 루프 에러: 'NoneType' object has no attribute 'read_holding_registers'
2026-07-20 11:03:31,606 INFO __main__: 현재 노드 위치 : 5
2026-07-20 11:03:31,607 INFO modules.modbus_poller: vehicle 현재 위치는: {'coord': [-45.368, -0.449, 0], 'course': -0.008848819307611744, 'currentnode': {'name': 'Drop_JIG_LH', 'id': 5}, 'currentnodeid': 5, 'uncertainty': [0.0034612136599753564, 0.11227633937764936], 'map': 'Map 2', 'group': '1'}
2026-07-20 11:03:31,607 INFO modules.modbus_poller: 현재 로드데이터는 : False
2026-07-20 11:03:31,607 INFO modules.modbus_poller: alarms: ['vehicle.warning.CommunicationLost']
2026-07-20 11:03:31,607 INFO modules.modbus_poller: msgs: []
2026-07-20 11:03:32,120 INFO modules.modbus_poller: vehicle 현재 위치는: {'coord': [-45.368, -0.449, 0], 'course': -0.008848819307611744, 'currentnode': {'name': 'Drop_JIG_LH', 'id': 5}, 'currentnodeid': 5, 'uncertainty': [0.0034612136599753564, 0.11227633937764936], 'map': 'Map 2', 'group': '1'}
2026-07-20 11:03:32,120 INFO modules.modbus_poller: 현재 로드데이터는 : False
2026-07-20 11:03:32,121 INFO modules.modbus_poller: alarms: ['vehicle.warning.CommunicationLost']
2026-07-20 11:03:32,121 INFO modules.modbus_poller: msgs: []
2026-07-20 11:03:32,552 ERROR modules.modbus_poller: 진입 허가 동기화 루프 에러: 'NoneType' object has no attribute 'read_holding_registers'
2026-07-20 11:03:32,623 INFO modules.modbus_poller: vehicle 현재 위치는: {'coord': [-45.368, -0.449, 0], 'course': -0.008848819307611744, 'currentnode': {'name': 'Drop_JIG_LH', 'id': 5}, 'currentnodeid': 5, 'uncertainty': [0.0034612136599753564, 0.11227633937764936], 'map': 'Map 2', 'group': '1'}
2026-07-20 11:03:32,623 INFO modules.modbus_poller: 현재 로드데이터는 : False
2026-07-20 11:03:32,623 INFO modules.modbus_poller: alarms: ['vehicle.warning.CommunicationLost']
2026-07-20 11:03:32,623 INFO modules.modbus_poller: msgs: []
2026-07-20 11:03:32,624 INFO __main__: 현재 노드 위치 : 5
2026-07-20 11:03:33,136 INFO modules.modbus_poller: vehicle 현재 위치는: {'coord': [-45.368, -0.449, 0], 'course': -0.008848819307611744, 'currentnode': {'name': 'Drop_JIG_LH', 'id': 5}, 'currentnodeid': 5, 'uncertainty': [0.0034612136599753564, 0.11227633937764936], 'map': 'Map 2', 'group': '1'}
2026-07-20 11:03:33,136 INFO modules.modbus_poller: 현재 로드데이터는 : False
2026-07-20 11:03:33,136 INFO modules.modbus_poller: alarms: ['vehicle.warning.CommunicationLost']
2026-07-20 11:03:33,136 INFO modules.modbus_poller: msgs: []
2026-07-20 11:03:33,558 ERROR modules.modbus_poller: 진입 허가 동기화 루프 에러: 'NoneType' object has no attribute 'read_holding_registers'
2026-07-20 11:03:33,643 INFO modules.modbus_poller: vehicle 현재 위치는: {'coord': [-45.368, -0.449, 0], 'course': -0.008848819307611744, 'currentnode': {'name': 'Drop_JIG_LH', 'id': 5}, 'currentnodeid': 5, 'uncertainty': [0.0034612136599753564, 0.11227633937764936], 'map': 'Map 2', 'group': '1'}
2026-07-20 11:03:33,644 INFO modules.modbus_poller: 현재 로드데이터는 : False
2026-07-20 11:03:33,644 INFO modules.modbus_poller: alarms: ['vehicle.warning.CommunicationLost']
2026-07-20 11:03:33,644 INFO modules.modbus_poller: msgs: []
2026-07-20 11:03:33,645 INFO __main__: 현재 노드 위치 : 5
2026-07-20 11:03:34,149 INFO modules.modbus_poller: vehicle 현재 위치는: {'coord': [-45.368, -0.449, 0], 'course': -0.008848819307611744, 'currentnode': {'name': 'Drop_JIG_LH', 'id': 5}, 'currentnodeid': 5, 'uncertainty': [0.0034612136599753564, 0.11227633937764936], 'map': 'Map 2', 'group': '1'}
2026-07-20 11:03:34,149 INFO modules.modbus_poller: 현재 로드데이터는 : False
2026-07-20 11:03:34,149 INFO modules.modbus_poller: alarms: ['vehicle.warning.CommunicationLost']
2026-07-20 11:03:34,149 INFO modules.modbus_poller: msgs: []
2026-07-20 11:03:34,551 ERROR modules.modbus_poller: 진입 허가 동기화 루프 에러: 'NoneType' object has no attribute 'read_holding_registers'
2026-07-20 11:03:38,565 ERROR pymodbus.logging: Connection to (localhost, 502) failed: [WinError 10061] 대상 컴퓨터에서 연결을 거부했으므로 연결하지 못했습니다
2026-07-20 11:03:38,567 ERROR modules.modbus_poller: 진입 허가 동기화 루프 에러: 'NoneType' object has no attribute 'read_holding_registers'
2026-07-20 11:03:38,575 INFO __main__: 현재 노드 위치 : 5
2026-07-20 11:03:38,577 INFO modules.modbus_poller: vehicle 현재 위치는: {'coord': [-45.368, -0.449, 0], 'course': -0.008848819307611744, 'currentnode': {'name': 'Drop_JIG_LH', 'id': 5}, 'currentnodeid': 5, 'uncertainty': [0.0034612136599753564, 0.11227633937764936], 'map': 'Map 2', 'group': '1'}
2026-07-20 11:03:38,578 INFO modules.modbus_poller: 현재 로드데이터는 : False
2026-07-20 11:03:38,578 INFO modules.modbus_poller: alarms: ['vehicle.warning.CommunicationLost']
2026-07-20 11:03:38,578 INFO modules.modbus_poller: msgs: []
2026-07-20 11:03:39,090 INFO modules.modbus_poller: vehicle 현재 위치는: {'coord': [-45.368, -0.449, 0], 'course': -0.008848819307611744, 'currentnode': {'name': 'Drop_JIG_LH', 'id': 5}, 'currentnodeid': 5, 'uncertainty': [0.0034612136599753564, 0.11227633937764936], 'map': 'Map 2', 'group': '1'}
2026-07-20 11:03:39,091 INFO modules.modbus_poller: 현재 로드데이터는 : False
2026-07-20 11:03:39,091 INFO modules.modbus_poller: alarms: ['vehicle.warning.CommunicationLost']
2026-07-20 11:03:39,091 INFO modules.modbus_poller: msgs: []
2026-07-20 11:03:39,569 ERROR modules.modbus_poller: 진입 허가 동기화 루프 에러: 'NoneType' object has no attribute 'read_holding_registers'
2026-07-20 11:03:39,590 INFO __main__: 현재 노드 위치 : 5
2026-07-20 11:03:39,592 INFO modules.modbus_poller: vehicle 현재 위치는: {'coord': [-45.368, -0.449, 0], 'course': -0.008848819307611744, 'currentnode': {'name': 'Drop_JIG_LH', 'id': 5}, 'currentnodeid': 5, 'uncertainty': [0.0034612136599753564, 0.11227633937764936], 'map': 'Map 2', 'group': '1'}
2026-07-20 11:03:39,592 INFO modules.modbus_poller: 현재 로드데이터는 : False
2026-07-20 11:03:39,592 INFO modules.modbus_poller: alarms: ['vehicle.warning.CommunicationLost']
2026-07-20 11:03:39,592 INFO modules.modbus_poller: msgs: []
2026-07-20 11:03:40,101 INFO modules.modbus_poller: vehicle 현재 위치는: {'coord': [-45.368, -0.449, 0], 'course': -0.008848819307611744, 'currentnode': {'name': 'Drop_JIG_LH', 'id': 5}, 'currentnodeid': 5, 'uncertainty': [0.0034612136599753564, 0.11227633937764936], 'map': 'Map 2', 'group': '1'}
2026-07-20 11:03:40,101 INFO modules.modbus_poller: 현재 로드데이터는 : False
2026-07-20 11:03:40,101 INFO modules.modbus_poller: alarms: ['vehicle.warning.CommunicationLost']
2026-07-20 11:03:40,101 INFO modules.modbus_poller: msgs: []
2026-07-20 11:03:40,557 ERROR modules.modbus_poller: 진입 허가 동기화 루프 에러: 'NoneType' object has no attribute 'read_holding_registers'
2026-07-20 11:03:40,596 INFO __main__: 현재 노드 위치 : 5
2026-07-20 11:03:40,597 INFO modules.modbus_poller: vehicle 현재 위치는: {'coord': [-45.368, -0.449, 0], 'course': -0.008848819307611744, 'currentnode': {'name': 'Drop_JIG_LH', 'id': 5}, 'currentnodeid': 5, 'uncertainty': [0.0034612136599753564, 0.11227633937764936], 'map': 'Map 2', 'group': '1'}
2026-07-20 11:03:40,597 INFO modules.modbus_poller: 현재 로드데이터는 : False
2026-07-20 11:03:40,597 INFO modules.modbus_poller: alarms: ['vehicle.warning.CommunicationLost']
2026-07-20 11:03:40,597 INFO modules.modbus_poller: msgs: []
2026-07-20 11:03:41,111 INFO modules.modbus_poller: vehicle 현재 위치는: {'coord': [-45.368, -0.449, 0], 'course': -0.008848819307611744, 'currentnode': {'name': 'Drop_JIG_LH', 'id': 5}, 'currentnodeid': 5, 'uncertainty': [0.0034612136599753564, 0.11227633937764936], 'map': 'Map 2', 'group': '1'}
2026-07-20 11:03:41,111 INFO modules.modbus_poller: 현재 로드데이터는 : False
2026-07-20 11:03:41,111 INFO modules.modbus_poller: alarms: ['vehicle.warning.CommunicationLost']
2026-07-20 11:03:41,112 INFO modules.modbus_poller: msgs: []
2026-07-20 11:03:41,551 ERROR modules.modbus_poller: 진입 허가 동기화 루프 에러: 'NoneType' object has no attribute 'read_holding_registers'
2026-07-20 11:03:41,610 INFO __main__: 현재 노드 위치 : 5
2026-07-20 11:03:41,611 INFO modules.modbus_poller: vehicle 현재 위치는: {'coord': [-45.368, -0.449, 0], 'course': -0.008848819307611744, 'currentnode': {'name': 'Drop_JIG_LH', 'id': 5}, 'currentnodeid': 5, 'uncertainty': [0.0034612136599753564, 0.11227633937764936], 'map': 'Map 2', 'group': '1'}
2026-07-20 11:03:41,611 INFO modules.modbus_poller: 현재 로드데이터는 : False
2026-07-20 11:03:41,611 INFO modules.modbus_poller: alarms: ['vehicle.warning.CommunicationLost']
2026-07-20 11:03:41,611 INFO modules.modbus_poller: msgs: []
2026-07-20 11:03:42,119 INFO modules.modbus_poller: vehicle 현재 위치는: {'coord': [-45.368, -0.449, 0], 'course': -0.008848819307611744, 'currentnode': {'name': 'Drop_JIG_LH', 'id': 5}, 'currentnodeid': 5, 'uncertainty': [0.0034612136599753564, 0.11227633937764936], 'map': 'Map 2', 'group': '1'}
2026-07-20 11:03:42,120 INFO modules.modbus_poller: 현재 로드데이터는 : False
2026-07-20 11:03:42,120 INFO modules.modbus_poller: alarms: ['vehicle.warning.CommunicationLost']
2026-07-20 11:03:42,120 INFO modules.modbus_poller: msgs: []
2026-07-20 11:03:42,544 ERROR modules.modbus_poller: 진입 허가 동기화 루프 에러: 'NoneType' object has no attribute 'read_holding_registers'
2026-07-20 11:03:42,624 INFO modules.modbus_poller: vehicle 현재 위치는: {'coord': [-45.368, -0.449, 0], 'course': -0.008848819307611744, 'currentnode': {'name': 'Drop_JIG_LH', 'id': 5}, 'currentnodeid': 5, 'uncertainty': [0.0034612136599753564, 0.11227633937764936], 'map': 'Map 2', 'group': '1'}
2026-07-20 11:03:42,624 INFO modules.modbus_poller: 현재 로드데이터는 : False
2026-07-20 11:03:42,624 INFO modules.modbus_poller: alarms: ['vehicle.warning.CommunicationLost']
2026-07-20 11:03:42,624 INFO modules.modbus_poller: msgs: []
2026-07-20 11:03:42,625 INFO __main__: 현재 노드 위치 : 5
2026-07-20 11:03:43,128 INFO modules.modbus_poller: vehicle 현재 위치는: {'coord': [-45.368, -0.449, 0], 'course': -0.008848819307611744, 'currentnode': {'name': 'Drop_JIG_LH', 'id': 5}, 'currentnodeid': 5, 'uncertainty': [0.0034612136599753564, 0.11227633937764936], 'map': 'Map 2', 'group': '1'}
2026-07-20 11:03:43,128 INFO modules.modbus_poller: 현재 로드데이터는 : False
2026-07-20 11:03:43,128 INFO modules.modbus_poller: alarms: ['vehicle.warning.CommunicationLost']
2026-07-20 11:03:43,128 INFO modules.modbus_poller: msgs: []
2026-07-20 11:03:43,548 ERROR modules.modbus_poller: 진입 허가 동기화 루프 에러: 'NoneType' object has no attribute 'read_holding_registers'
2026-07-20 11:03:47,554 ERROR pymodbus.logging: Connection to (localhost, 502) failed: [WinError 10061] 대상 컴퓨터에서 연결을 거부했으므로 연결하지 못했습니다
2026-07-20 11:03:47,555 ERROR modules.modbus_poller: 진입 허가 동기화 루프 에러: 'NoneType' object has no attribute 'read_holding_registers'
2026-07-20 11:03:47,561 INFO modules.modbus_poller: vehicle 현재 위치는: {'coord': [-45.368, -0.449, 0], 'course': -0.008848819307611744, 'currentnode': {'name': 'Drop_JIG_LH', 'id': 5}, 'currentnodeid': 5, 'uncertainty': [0.0034612136599753564, 0.11227633937764936], 'map': 'Map 2', 'group': '1'}
2026-07-20 11:03:47,561 INFO modules.modbus_poller: 현재 로드데이터는 : False
2026-07-20 11:03:47,561 INFO modules.modbus_poller: alarms: ['vehicle.warning.CommunicationLost']
2026-07-20 11:03:47,561 INFO modules.modbus_poller: msgs: []
2026-07-20 11:03:47,562 INFO __main__: 현재 노드 위치 : 5
2026-07-20 11:03:48,062 INFO modules.modbus_poller: vehicle 현재 위치는: {'coord': [-45.368, -0.449, 0], 'course': -0.008848819307611744, 'currentnode': {'name': 'Drop_JIG_LH', 'id': 5}, 'currentnodeid': 5, 'uncertainty': [0.0034612136599753564, 0.11227633937764936], 'map': 'Map 2', 'group': '1'}
2026-07-20 11:03:48,062 INFO modules.modbus_poller: 현재 로드데이터는 : False
2026-07-20 11:03:48,062 INFO modules.modbus_poller: alarms: ['vehicle.warning.CommunicationLost']
2026-07-20 11:03:48,062 INFO modules.modbus_poller: msgs: []
2026-07-20 11:03:48,552 ERROR modules.modbus_poller: 진입 허가 동기화 루프 에러: 'NoneType' object has no attribute 'read_holding_registers'
2026-07-20 11:03:48,560 INFO __main__: 현재 노드 위치 : 5
2026-07-20 11:03:48,561 INFO modules.modbus_poller: vehicle 현재 위치는: {'coord': [-45.368, -0.449, 0], 'course': -0.008848819307611744, 'currentnode': {'name': 'Drop_JIG_LH', 'id': 5}, 'currentnodeid': 5, 'uncertainty': [0.0034612136599753564, 0.11227633937764936], 'map': 'Map 2', 'group': '1'}
2026-07-20 11:03:48,561 INFO modules.modbus_poller: 현재 로드데이터는 : False
2026-07-20 11:03:48,561 INFO modules.modbus_poller: alarms: ['vehicle.warning.CommunicationLost']
2026-07-20 11:03:48,562 INFO modules.modbus_poller: msgs: []
2026-07-20 11:03:49,066 INFO modules.modbus_poller: vehicle 현재 위치는: {'coord': [-45.368, -0.449, 0], 'course': -0.008848819307611744, 'currentnode': {'name': 'Drop_JIG_LH', 'id': 5}, 'currentnodeid': 5, 'uncertainty': [0.0034612136599753564, 0.11227633937764936], 'map': 'Map 2', 'group': '1'}
2026-07-20 11:03:49,066 INFO modules.modbus_poller: 현재 로드데이터는 : False
2026-07-20 11:03:49,066 INFO modules.modbus_poller: alarms: ['vehicle.warning.CommunicationLost']
2026-07-20 11:03:49,066 INFO modules.modbus_poller: msgs: []
2026-07-20 11:03:49,553 ERROR modules.modbus_poller: 진입 허가 동기화 루프 에러: 'NoneType' object has no attribute 'read_holding_registers'
2026-07-20 11:03:49,561 INFO __main__: 현재 노드 위치 : 5
2026-07-20 11:03:49,562 INFO modules.modbus_poller: vehicle 현재 위치는: {'coord': [-45.368, -0.449, 0], 'course': -0.008848819307611744, 'currentnode': {'name': 'Drop_JIG_LH', 'id': 5}, 'currentnodeid': 5, 'uncertainty': [0.0034612136599753564, 0.11227633937764936], 'map': 'Map 2', 'group': '1'}
2026-07-20 11:03:49,562 INFO modules.modbus_poller: 현재 로드데이터는 : False
2026-07-20 11:03:49,562 INFO modules.modbus_poller: alarms: ['vehicle.warning.CommunicationLost']
2026-07-20 11:03:49,563 INFO modules.modbus_poller: msgs: []
2026-07-20 11:03:50,057 INFO modules.modbus_poller: vehicle 현재 위치는: {'coord': [-45.368, -0.449, 0], 'course': -0.008848819307611744, 'currentnode': {'name': 'Drop_JIG_LH', 'id': 5}, 'currentnodeid': 5, 'uncertainty': [0.0034612136599753564, 0.11227633937764936], 'map': 'Map 2', 'group': '1'}
2026-07-20 11:03:50,057 INFO modules.modbus_poller: 현재 로드데이터는 : False
2026-07-20 11:03:50,057 INFO modules.modbus_poller: alarms: ['vehicle.warning.CommunicationLost']
2026-07-20 11:03:50,057 INFO modules.modbus_poller: msgs: []
2026-07-20 11:03:50,554 ERROR modules.modbus_poller: 진입 허가 동기화 루프 에러: 'NoneType' object has no attribute 'read_holding_registers'
2026-07-20 11:03:50,558 INFO modules.modbus_poller: vehicle 현재 위치는: {'coord': [-45.368, -0.449, 0], 'course': -0.008848819307611744, 'currentnode': {'name': 'Drop_JIG_LH', 'id': 5}, 'currentnodeid': 5, 'uncertainty': [0.0034612136599753564, 0.11227633937764936], 'map': 'Map 2', 'group': '1'}
2026-07-20 11:03:50,559 INFO modules.modbus_poller: 현재 로드데이터는 : False
2026-07-20 11:03:50,559 INFO modules.modbus_poller: alarms: ['vehicle.warning.CommunicationLost']
2026-07-20 11:03:50,559 INFO modules.modbus_poller: msgs: []
2026-07-20 11:03:50,560 INFO __main__: 현재 노드 위치 : 5
2026-07-20 11:03:51,057 INFO modules.modbus_poller: vehicle 현재 위치는: {'coord': [-45.368, -0.449, 0], 'course': -0.008848819307611744, 'currentnode': {'name': 'Drop_JIG_LH', 'id': 5}, 'currentnodeid': 5, 'uncertainty': [0.0034612136599753564, 0.11227633937764936], 'map': 'Map 2', 'group': '1'}
2026-07-20 11:03:51,057 INFO modules.modbus_poller: 현재 로드데이터는 : False
2026-07-20 11:03:51,058 INFO modules.modbus_poller: alarms: ['vehicle.warning.CommunicationLost']
2026-07-20 11:03:51,058 INFO modules.modbus_poller: msgs: []
2026-07-20 11:03:51,554 ERROR modules.modbus_poller: 진입 허가 동기화 루프 에러: 'NoneType' object has no attribute 'read_holding_registers'
2026-07-20 11:03:51,561 INFO modules.modbus_poller: vehicle 현재 위치는: {'coord': [-45.368, -0.449, 0], 'course': -0.008848819307611744, 'currentnode': {'name': 'Drop_JIG_LH', 'id': 5}, 'currentnodeid': 5, 'uncertainty': [0.0034612136599753564, 0.11227633937764936], 'map': 'Map 2', 'group': '1'}
2026-07-20 11:03:51,562 INFO modules.modbus_poller: 현재 로드데이터는 : False
2026-07-20 11:03:51,562 INFO modules.modbus_poller: alarms: ['vehicle.warning.CommunicationLost']
2026-07-20 11:03:51,562 INFO modules.modbus_poller: msgs: []
2026-07-20 11:03:51,563 INFO __main__: 현재 노드 위치 : 5
2026-07-20 11:03:52,057 INFO modules.modbus_poller: vehicle 현재 위치는: {'coord': [-45.368, -0.449, 0], 'course': -0.008848819307611744, 'currentnode': {'name': 'Drop_JIG_LH', 'id': 5}, 'currentnodeid': 5, 'uncertainty': [0.0034612136599753564, 0.11227633937764936], 'map': 'Map 2', 'group': '1'}
2026-07-20 11:03:52,057 INFO modules.modbus_poller: 현재 로드데이터는 : False
2026-07-20 11:03:52,058 INFO modules.modbus_poller: alarms: ['vehicle.warning.CommunicationLost']
2026-07-20 11:03:52,058 INFO modules.modbus_poller: msgs: []
2026-07-20 11:03:52,552 ERROR modules.modbus_poller: 진입 허가 동기화 루프 에러: 'NoneType' object has no attribute 'read_holding_registers'
2026-07-20 11:03:56,574 ERROR pymodbus.logging: Connection to (localhost, 502) failed: [WinError 10061] 대상 컴퓨터에서 연결을 거부했으므로 연결하지 못했습니다
2026-07-20 11:03:56,577 ERROR modules.modbus_poller: 진입 허가 동기화 루프 에러: 'NoneType' object has no attribute 'read_holding_registers'
2026-07-20 11:03:56,585 INFO __main__: 현재 노드 위치 : 5
2026-07-20 11:03:56,586 INFO modules.modbus_poller: vehicle 현재 위치는: {'coord': [-45.368, -0.449, 0], 'course': -0.008848819307611744, 'currentnode': {'name': 'Drop_JIG_LH', 'id': 5}, 'currentnodeid': 5, 'uncertainty': [0.0034612136599753564, 0.11227633937764936], 'map': 'Map 2', 'group': '1'}
2026-07-20 11:03:56,586 INFO modules.modbus_poller: 현재 로드데이터는 : False
2026-07-20 11:03:56,586 INFO modules.modbus_poller: alarms: ['vehicle.warning.CommunicationLost']
2026-07-20 11:03:56,587 INFO modules.modbus_poller: msgs: []
2026-07-20 11:03:56,628 ERROR asyncio: Exception in callback _ProactorBasePipeTransport._call_connection_lost(None)
handle: <Handle _ProactorBasePipeTransport._call_connection_lost(None)>
Traceback (most recent call last):
  File "asyncio\events.py", line 88, in _run
  File "asyncio\proactor_events.py", line 165, in _call_connection_lost
ConnectionResetError: [WinError 10054] 현재 연결은 원격 호스트에 의해 강제로 끊겼습니다
2026-07-20 11:03:57,084 INFO modules.modbus_poller: vehicle 현재 위치는: {'coord': [-45.368, -0.449, 0], 'course': -0.008848819307611744, 'currentnode': {'name': 'Drop_JIG_LH', 'id': 5}, 'currentnodeid': 5, 'uncertainty': [0.0034612136599753564, 0.11227633937764936], 'map': 'Map 2', 'group': '1'}
2026-07-20 11:03:57,084 INFO modules.modbus_poller: 현재 로드데이터는 : False
2026-07-20 11:03:57,084 INFO modules.modbus_poller: alarms: ['vehicle.warning.CommunicationLost']
2026-07-20 11:03:57,085 INFO modules.modbus_poller: msgs: []
2026-07-20 11:03:57,590 ERROR modules.modbus_poller: 진입 허가 동기화 루프 에러: 'NoneType' object has no attribute 'read_holding_registers'
2026-07-20 11:03:57,597 INFO __main__: 현재 노드 위치 : 5
2026-07-20 11:03:57,598 INFO modules.modbus_poller: vehicle 현재 위치는: {'coord': [-45.368, -0.449, 0], 'course': -0.008848819307611744, 'currentnode': {'name': 'Drop_JIG_LH', 'id': 5}, 'currentnodeid': 5, 'uncertainty': [0.0034612136599753564, 0.11227633937764936], 'map': 'Map 2', 'group': '1'}
2026-07-20 11:03:57,598 INFO modules.modbus_poller: 현재 로드데이터는 : False
2026-07-20 11:03:57,599 INFO modules.modbus_poller: alarms: ['vehicle.warning.CommunicationLost']
2026-07-20 11:03:57,599 INFO modules.modbus_poller: msgs: []
2026-07-20 11:03:58,096 INFO modules.modbus_poller: vehicle 현재 위치는: {'coord': [-45.368, -0.449, 0], 'course': -0.008848819307611744, 'currentnode': {'name': 'Drop_JIG_LH', 'id': 5}, 'currentnodeid': 5, 'uncertainty': [0.0034612136599753564, 0.11227633937764936], 'map': 'Map 2', 'group': '1'}
2026-07-20 11:03:58,096 INFO modules.modbus_poller: 현재 로드데이터는 : False
2026-07-20 11:03:58,096 INFO modules.modbus_poller: alarms: ['vehicle.warning.CommunicationLost']
2026-07-20 11:03:58,097 INFO modules.modbus_poller: msgs: []
2026-07-20 11:03:58,604 ERROR modules.modbus_poller: 진입 허가 동기화 루프 에러: 'NoneType' object has no attribute 'read_holding_registers'
2026-07-20 11:03:58,611 INFO modules.modbus_poller: vehicle 현재 위치는: {'coord': [-45.368, -0.449, 0], 'course': -0.008848819307611744, 'currentnode': {'name': 'Drop_JIG_LH', 'id': 5}, 'currentnodeid': 5, 'uncertainty': [0.0034612136599753564, 0.11227633937764936], 'map': 'Map 2', 'group': '1'}
2026-07-20 11:03:58,611 INFO modules.modbus_poller: 현재 로드데이터는 : False
2026-07-20 11:03:58,612 INFO modules.modbus_poller: alarms: ['vehicle.warning.CommunicationLost']
2026-07-20 11:03:58,612 INFO modules.modbus_poller: msgs: []
2026-07-20 11:03:58,612 INFO __main__: 현재 노드 위치 : 5
2026-07-20 11:03:59,113 INFO modules.modbus_poller: vehicle 현재 위치는: {'coord': [-45.368, -0.449, 0], 'course': -0.008848819307611744, 'currentnode': {'name': 'Drop_JIG_LH', 'id': 5}, 'currentnodeid': 5, 'uncertainty': [0.0034612136599753564, 0.11227633937764936], 'map': 'Map 2', 'group': '1'}
2026-07-20 11:03:59,113 INFO modules.modbus_poller: 현재 로드데이터는 : False
2026-07-20 11:03:59,113 INFO modules.modbus_poller: alarms: ['vehicle.warning.CommunicationLost']
2026-07-20 11:03:59,113 INFO modules.modbus_poller: msgs: []
2026-07-20 11:03:59,606 ERROR modules.modbus_poller: 진입 허가 동기화 루프 에러: 'NoneType' object has no attribute 'read_holding_registers'
2026-07-20 11:03:59,612 INFO modules.modbus_poller: vehicle 현재 위치는: {'coord': [-45.368, -0.449, 0], 'course': -0.008848819307611744, 'currentnode': {'name': 'Drop_JIG_LH', 'id': 5}, 'currentnodeid': 5, 'uncertainty': [0.0034612136599753564, 0.11227633937764936], 'map': 'Map 2', 'group': '1'}
2026-07-20 11:03:59,613 INFO modules.modbus_poller: 현재 로드데이터는 : False
2026-07-20 11:03:59,613 INFO modules.modbus_poller: alarms: ['vehicle.warning.CommunicationLost']
2026-07-20 11:03:59,613 INFO modules.modbus_poller: msgs: []
2026-07-20 11:03:59,614 INFO __main__: 현재 노드 위치 : 5
2026-07-20 11:04:00,111 INFO modules.modbus_poller: vehicle 현재 위치는: {'coord': [-45.368, -0.449, 0], 'course': -0.008848819307611744, 'currentnode': {'name': 'Drop_JIG_LH', 'id': 5}, 'currentnodeid': 5, 'uncertainty': [0.0034612136599753564, 0.11227633937764936], 'map': 'Map 2', 'group': '1'}
2026-07-20 11:04:00,111 INFO modules.modbus_poller: 현재 로드데이터는 : False
2026-07-20 11:04:00,111 INFO modules.modbus_poller: alarms: ['vehicle.warning.CommunicationLost']
2026-07-20 11:04:00,111 INFO modules.modbus_poller: msgs: []
2026-07-20 11:04:00,609 ERROR modules.modbus_poller: 진입 허가 동기화 루프 에러: 'NoneType' object has no attribute 'read_holding_registers'
2026-07-20 11:04:00,616 INFO modules.modbus_poller: vehicle 현재 위치는: {'coord': [-45.368, -0.449, 0], 'course': -0.008848819307611744, 'currentnode': {'name': 'Drop_JIG_LH', 'id': 5}, 'currentnodeid': 5, 'uncertainty': [0.0034612136599753564, 0.11227633937764936], 'map': 'Map 2', 'group': '1'}
2026-07-20 11:04:00,616 INFO modules.modbus_poller: 현재 로드데이터는 : False
2026-07-20 11:04:00,616 INFO modules.modbus_poller: alarms: ['vehicle.warning.CommunicationLost']
2026-07-20 11:04:00,616 INFO modules.modbus_poller: msgs: []
2026-07-20 11:04:00,617 INFO __main__: 현재 노드 위치 : 5
2026-07-20 11:04:01,118 INFO modules.modbus_poller: vehicle 현재 위치는: {'coord': [-45.368, -0.449, 0], 'course': -0.008848819307611744, 'currentnode': {'name': 'Drop_JIG_LH', 'id': 5}, 'currentnodeid': 5, 'uncertainty': [0.0034612136599753564, 0.11227633937764936], 'map': 'Map 2', 'group': '1'}
2026-07-20 11:04:01,118 INFO modules.modbus_poller: 현재 로드데이터는 : False
2026-07-20 11:04:01,118 INFO modules.modbus_poller: alarms: ['vehicle.warning.CommunicationLost']
2026-07-20 11:04:01,118 INFO modules.modbus_poller: msgs: []
2026-07-20 11:04:05,583 ERROR pymodbus.logging: Connection to (localhost, 502) failed: [WinError 10061] 대상 컴퓨터에서 연결을 거부했으므로 연결하지 못했습니다
2026-07-20 11:04:05,585 ERROR modules.modbus_poller: 진입 허가 동기화 루프 에러: 'NoneType' object has no attribute 'read_holding_registers'
2026-07-20 11:04:05,594 INFO modules.modbus_poller: vehicle 현재 위치는: {'coord': [-45.368, -0.449, 0], 'course': -0.008848819307611744, 'currentnode': {'name': 'Drop_JIG_LH', 'id': 5}, 'currentnodeid': 5, 'uncertainty': [0.0034612136599753564, 0.11227633937764936], 'map': 'Map 2', 'group': '1'}
2026-07-20 11:04:05,594 INFO modules.modbus_poller: 현재 로드데이터는 : False
2026-07-20 11:04:05,594 INFO modules.modbus_poller: alarms: ['vehicle.warning.CommunicationLost']
2026-07-20 11:04:05,595 INFO modules.modbus_poller: msgs: []
2026-07-20 11:04:05,595 INFO __main__: 현재 노드 위치 : 5
2026-07-20 11:04:06,092 INFO modules.modbus_poller: vehicle 현재 위치는: {'coord': [-45.368, -0.449, 0], 'course': -0.008848819307611744, 'currentnode': {'name': 'Drop_JIG_LH', 'id': 5}, 'currentnodeid': 5, 'uncertainty': [0.0034612136599753564, 0.11227633937764936], 'map': 'Map 2', 'group': '1'}
2026-07-20 11:04:06,093 INFO modules.modbus_poller: 현재 로드데이터는 : False
2026-07-20 11:04:06,093 INFO modules.modbus_poller: alarms: ['vehicle.warning.CommunicationLost']
2026-07-20 11:04:06,093 INFO modules.modbus_poller: msgs: []
2026-07-20 11:04:06,575 ERROR modules.modbus_poller: 진입 허가 동기화 루프 에러: 'NoneType' object has no attribute 'read_holding_registers'
2026-07-20 11:04:06,582 INFO modules.modbus_poller: vehicle 현재 위치는: {'coord': [-45.368, -0.449, 0], 'course': -0.008848819307611744, 'currentnode': {'name': 'Drop_JIG_LH', 'id': 5}, 'currentnodeid': 5, 'uncertainty': [0.0034612136599753564, 0.11227633937764936], 'map': 'Map 2', 'group': '1'}
2026-07-20 11:04:06,582 INFO modules.modbus_poller: 현재 로드데이터는 : False
2026-07-20 11:04:06,582 INFO modules.modbus_poller: alarms: ['vehicle.warning.CommunicationLost']
2026-07-20 11:04:06,582 INFO modules.modbus_poller: msgs: []
2026-07-20 11:04:06,583 INFO __main__: 현재 노드 위치 : 5
2026-07-20 11:04:07,082 INFO modules.modbus_poller: vehicle 현재 위치는: {'coord': [-45.368, -0.449, 0], 'course': -0.008848819307611744, 'currentnode': {'name': 'Drop_JIG_LH', 'id': 5}, 'currentnodeid': 5, 'uncertainty': [0.0034612136599753564, 0.11227633937764936], 'map': 'Map 2', 'group': '1'}
2026-07-20 11:04:07,083 INFO modules.modbus_poller: 현재 로드데이터는 : False
2026-07-20 11:04:07,083 INFO modules.modbus_poller: alarms: ['vehicle.warning.CommunicationLost']
2026-07-20 11:04:07,083 INFO modules.modbus_poller: msgs: []
2026-07-20 11:04:07,578 ERROR modules.modbus_poller: 진입 허가 동기화 루프 에러: 'NoneType' object has no attribute 'read_holding_registers'
2026-07-20 11:04:07,584 INFO modules.modbus_poller: vehicle 현재 위치는: {'coord': [-45.368, -0.449, 0], 'course': -0.008848819307611744, 'currentnode': {'name': 'Drop_JIG_LH', 'id': 5}, 'currentnodeid': 5, 'uncertainty': [0.0034612136599753564, 0.11227633937764936], 'map': 'Map 2', 'group': '1'}
2026-07-20 11:04:07,585 INFO modules.modbus_poller: 현재 로드데이터는 : False
2026-07-20 11:04:07,585 INFO modules.modbus_poller: alarms: ['vehicle.warning.CommunicationLost']
2026-07-20 11:04:07,585 INFO modules.modbus_poller: msgs: []
2026-07-20 11:04:07,585 INFO __main__: 현재 노드 위치 : 5
2026-07-20 11:04:08,080 INFO modules.modbus_poller: vehicle 현재 위치는: {'coord': [-45.368, -0.449, 0], 'course': -0.008848819307611744, 'currentnode': {'name': 'Drop_JIG_LH', 'id': 5}, 'currentnodeid': 5, 'uncertainty': [0.0034612136599753564, 0.11227633937764936], 'map': 'Map 2', 'group': '1'}
2026-07-20 11:04:08,080 INFO modules.modbus_poller: 현재 로드데이터는 : False
2026-07-20 11:04:08,080 INFO modules.modbus_poller: alarms: ['vehicle.warning.CommunicationLost']
2026-07-20 11:04:08,080 INFO modules.modbus_poller: msgs: []
2026-07-20 11:04:08,577 ERROR modules.modbus_poller: 진입 허가 동기화 루프 에러: 'NoneType' object has no attribute 'read_holding_registers'
2026-07-20 11:04:08,583 INFO __main__: 현재 노드 위치 : 5
2026-07-20 11:04:08,583 INFO modules.modbus_poller: vehicle 현재 위치는: {'coord': [-45.368, -0.449, 0], 'course': -0.008848819307611744, 'currentnode': {'name': 'Drop_JIG_LH', 'id': 5}, 'currentnodeid': 5, 'uncertainty': [0.0034612136599753564, 0.11227633937764936], 'map': 'Map 2', 'group': '1'}
2026-07-20 11:04:08,583 INFO modules.modbus_poller: 현재 로드데이터는 : False
2026-07-20 11:04:08,583 INFO modules.modbus_poller: alarms: ['vehicle.warning.CommunicationLost']
2026-07-20 11:04:08,584 INFO modules.modbus_poller: msgs: []
2026-07-20 11:04:09,081 INFO modules.modbus_poller: vehicle 현재 위치는: {'coord': [-45.368, -0.449, 0], 'course': -0.008848819307611744, 'currentnode': {'name': 'Drop_JIG_LH', 'id': 5}, 'currentnodeid': 5, 'uncertainty': [0.0034612136599753564, 0.11227633937764936], 'map': 'Map 2', 'group': '1'}
2026-07-20 11:04:09,082 INFO modules.modbus_poller: 현재 로드데이터는 : False
2026-07-20 11:04:09,082 INFO modules.modbus_poller: alarms: ['vehicle.warning.CommunicationLost']
2026-07-20 11:04:09,082 INFO modules.modbus_poller: msgs: []
2026-07-20 11:04:09,576 ERROR modules.modbus_poller: 진입 허가 동기화 루프 에러: 'NoneType' object has no attribute 'read_holding_registers'
2026-07-20 11:04:09,582 INFO __main__: 현재 노드 위치 : 5
2026-07-20 11:04:09,583 INFO modules.modbus_poller: vehicle 현재 위치는: {'coord': [-45.368, -0.449, 0], 'course': -0.008848819307611744, 'currentnode': {'name': 'Drop_JIG_LH', 'id': 5}, 'currentnodeid': 5, 'uncertainty': [0.0034612136599753564, 0.11227633937764936], 'map': 'Map 2', 'group': '1'}
2026-07-20 11:04:09,583 INFO modules.modbus_poller: 현재 로드데이터는 : False
2026-07-20 11:04:09,583 INFO modules.modbus_poller: alarms: ['vehicle.warning.CommunicationLost']
2026-07-20 11:04:09,583 INFO modules.modbus_poller: msgs: []
2026-07-20 11:04:10,080 INFO modules.modbus_poller: vehicle 현재 위치는: {'coord': [-45.368, -0.449, 0], 'course': -0.008848819307611744, 'currentnode': {'name': 'Drop_JIG_LH', 'id': 5}, 'currentnodeid': 5, 'uncertainty': [0.0034612136599753564, 0.11227633937764936], 'map': 'Map 2', 'group': '1'}
2026-07-20 11:04:10,081 INFO modules.modbus_poller: 현재 로드데이터는 : False
2026-07-20 11:04:10,081 INFO modules.modbus_poller: alarms: ['vehicle.warning.CommunicationLost']
2026-07-20 11:04:10,081 INFO modules.modbus_poller: msgs: []
2026-07-20 11:04:14,582 ERROR pymodbus.logging: Connection to (localhost, 502) failed: [WinError 10061] 대상 컴퓨터에서 연결을 거부했으므로 연결하지 못했습니다
2026-07-20 11:04:14,582 ERROR modules.modbus_poller: 진입 허가 동기화 루프 에러: 'NoneType' object has no attribute 'read_holding_registers'
2026-07-20 11:04:14,592 INFO __main__: 현재 노드 위치 : 5
2026-07-20 11:04:14,593 INFO modules.modbus_poller: vehicle 현재 위치는: {'coord': [-45.368, -0.449, 0], 'course': -0.008848819307611744, 'currentnode': {'name': 'Drop_JIG_LH', 'id': 5}, 'currentnodeid': 5, 'uncertainty': [0.0034612136599753564, 0.11227633937764936], 'map': 'Map 2', 'group': '1'}
2026-07-20 11:04:14,593 INFO modules.modbus_poller: 현재 로드데이터는 : False
2026-07-20 11:04:14,594 INFO modules.modbus_poller: alarms: ['vehicle.warning.CommunicationLost']
2026-07-20 11:04:14,594 INFO modules.modbus_poller: msgs: []
2026-07-20 11:04:15,091 INFO modules.modbus_poller: vehicle 현재 위치는: {'coord': [-45.368, -0.449, 0], 'course': -0.008848819307611744, 'currentnode': {'name': 'Drop_JIG_LH', 'id': 5}, 'currentnodeid': 5, 'uncertainty': [0.0034612136599753564, 0.11227633937764936], 'map': 'Map 2', 'group': '1'}
2026-07-20 11:04:15,091 INFO modules.modbus_poller: 현재 로드데이터는 : False
2026-07-20 11:04:15,092 INFO modules.modbus_poller: alarms: ['vehicle.warning.CommunicationLost']
2026-07-20 11:04:15,092 INFO modules.modbus_poller: msgs: []
2026-07-20 11:04:15,577 ERROR modules.modbus_poller: 진입 허가 동기화 루프 에러: 'NoneType' object has no attribute 'read_holding_registers'
2026-07-20 11:04:15,582 INFO __main__: 현재 노드 위치 : 5
2026-07-20 11:04:15,583 INFO modules.modbus_poller: vehicle 현재 위치는: {'coord': [-45.368, -0.449, 0], 'course': -0.008848819307611744, 'currentnode': {'name': 'Drop_JIG_LH', 'id': 5}, 'currentnodeid': 5, 'uncertainty': [0.0034612136599753564, 0.11227633937764936], 'map': 'Map 2', 'group': '1'}
2026-07-20 11:04:15,583 INFO modules.modbus_poller: 현재 로드데이터는 : False
2026-07-20 11:04:15,583 INFO modules.modbus_poller: alarms: ['vehicle.warning.CommunicationLost']
2026-07-20 11:04:15,583 INFO modules.modbus_poller: msgs: []
2026-07-20 11:04:16,096 INFO modules.modbus_poller: vehicle 현재 위치는: {'coord': [-45.368, -0.449, 0], 'course': -0.008848819307611744, 'currentnode': {'name': 'Drop_JIG_LH', 'id': 5}, 'currentnodeid': 5, 'uncertainty': [0.0034612136599753564, 0.11227633937764936], 'map': 'Map 2', 'group': '1'}
2026-07-20 11:04:16,097 INFO modules.modbus_poller: 현재 로드데이터는 : False
2026-07-20 11:04:16,097 INFO modules.modbus_poller: alarms: ['vehicle.warning.CommunicationLost']
2026-07-20 11:04:16,097 INFO modules.modbus_poller: msgs: []
2026-07-20 11:04:16,577 ERROR modules.modbus_poller: 진입 허가 동기화 루프 에러: 'NoneType' object has no attribute 'read_holding_registers'
2026-07-20 11:04:16,583 INFO __main__: 현재 노드 위치 : 5
2026-07-20 11:04:16,586 INFO modules.modbus_poller: vehicle 현재 위치는: {'coord': [-45.368, -0.449, 0], 'course': -0.008848819307611744, 'currentnode': {'name': 'Drop_JIG_LH', 'id': 5}, 'currentnodeid': 5, 'uncertainty': [0.0034612136599753564, 0.11227633937764936], 'map': 'Map 2', 'group': '1'}
2026-07-20 11:04:16,586 INFO modules.modbus_poller: 현재 로드데이터는 : False
2026-07-20 11:04:16,586 INFO modules.modbus_poller: alarms: ['vehicle.warning.CommunicationLost']
2026-07-20 11:04:16,586 INFO modules.modbus_poller: msgs: []
2026-07-20 11:04:17,084 INFO modules.modbus_poller: vehicle 현재 위치는: {'coord': [-45.368, -0.449, 0], 'course': -0.008848819307611744, 'currentnode': {'name': 'Drop_JIG_LH', 'id': 5}, 'currentnodeid': 5, 'uncertainty': [0.0034612136599753564, 0.11227633937764936], 'map': 'Map 2', 'group': '1'}
2026-07-20 11:04:17,084 INFO modules.modbus_poller: 현재 로드데이터는 : False
2026-07-20 11:04:17,084 INFO modules.modbus_poller: alarms: ['vehicle.warning.CommunicationLost']
2026-07-20 11:04:17,084 INFO modules.modbus_poller: msgs: []
2026-07-20 11:04:17,578 ERROR modules.modbus_poller: 진입 허가 동기화 루프 에러: 'NoneType' object has no attribute 'read_holding_registers'
2026-07-20 11:04:17,586 INFO modules.modbus_poller: vehicle 현재 위치는: {'coord': [-45.368, -0.449, 0], 'course': -0.008848819307611744, 'currentnode': {'name': 'Drop_JIG_LH', 'id': 5}, 'currentnodeid': 5, 'uncertainty': [0.0034612136599753564, 0.11227633937764936], 'map': 'Map 2', 'group': '1'}
2026-07-20 11:04:17,587 INFO modules.modbus_poller: 현재 로드데이터는 : False
2026-07-20 11:04:17,587 INFO modules.modbus_poller: alarms: ['vehicle.warning.CommunicationLost']
2026-07-20 11:04:17,587 INFO modules.modbus_poller: msgs: []
2026-07-20 11:04:17,587 INFO __main__: 현재 노드 위치 : 5
2026-07-20 11:04:18,080 INFO modules.modbus_poller: vehicle 현재 위치는: {'coord': [-45.368, -0.449, 0], 'course': -0.008848819307611744, 'currentnode': {'name': 'Drop_JIG_LH', 'id': 5}, 'currentnodeid': 5, 'uncertainty': [0.0034612136599753564, 0.11227633937764936], 'map': 'Map 2', 'group': '1'}
2026-07-20 11:04:18,081 INFO modules.modbus_poller: 현재 로드데이터는 : False
2026-07-20 11:04:18,081 INFO modules.modbus_poller: alarms: ['vehicle.warning.CommunicationLost']
2026-07-20 11:04:18,081 INFO modules.modbus_poller: msgs: []
2026-07-20 11:04:18,576 ERROR modules.modbus_poller: 진입 허가 동기화 루프 에러: 'NoneType' object has no attribute 'read_holding_registers'
2026-07-20 11:04:18,583 INFO modules.modbus_poller: vehicle 현재 위치는: {'coord': [-45.368, -0.449, 0], 'course': -0.008848819307611744, 'currentnode': {'name': 'Drop_JIG_LH', 'id': 5}, 'currentnodeid': 5, 'uncertainty': [0.0034612136599753564, 0.11227633937764936], 'map': 'Map 2', 'group': '1'}
2026-07-20 11:04:18,583 INFO modules.modbus_poller: 현재 로드데이터는 : False
2026-07-20 11:04:18,583 INFO modules.modbus_poller: alarms: ['vehicle.warning.CommunicationLost']
2026-07-20 11:04:18,584 INFO modules.modbus_poller: msgs: []
2026-07-20 11:04:18,585 INFO __main__: 현재 노드 위치 : 5
2026-07-20 11:04:19,081 INFO modules.modbus_poller: vehicle 현재 위치는: {'coord': [-45.368, -0.449, 0], 'course': -0.008848819307611744, 'currentnode': {'name': 'Drop_JIG_LH', 'id': 5}, 'currentnodeid': 5, 'uncertainty': [0.0034612136599753564, 0.11227633937764936], 'map': 'Map 2', 'group': '1'}
2026-07-20 11:04:19,081 INFO modules.modbus_poller: 현재 로드데이터는 : False
2026-07-20 11:04:19,082 INFO modules.modbus_poller: alarms: ['vehicle.warning.CommunicationLost']
2026-07-20 11:04:19,082 INFO modules.modbus_poller: msgs: []
